<?xml version="1.0" encoding="UTF-8"?>
<testsuites name="Mocha Tests" time="4.7510" tests="2" failures="0">
  <testsuite name="Root Suite" timestamp="2021-03-06T08:33:10" tests="0" file="cypress\integration\e2e\homepage.e2e.js" time="0.0000" failures="0">
  </testsuite>
  <testsuite name="My first test" timestamp="2021-03-06T08:33:10" tests="1" time="0.1010" failures="0">
    <testcase name="My first test does not do much" time="0.1010" classname="does not do much">
    </testcase>
  </testsuite>
  <testsuite name="Visit Snippet Keeper" timestamp="2021-03-06T08:33:10" tests="1" time="4.6500" failures="0">
    <testcase name="Visit Snippet Keeper should see copy buttons" time="4.6500" classname="should see copy buttons">
    </testcase>
  </testsuite>
</testsuites>